---------------------------------------------------
M.U.G.E.N ver 1.1.0 Beta 1 P1 (2013.08.11) status log
---------------------------------------------------
Parsing command line...
Command line: c:\users\thale\onedrive\área de trabalho\games\projetos\marvel ultimate\marvel infinity 1.1\mugen.exe 
Parse command line OK
Initializing...
Allocating game variables
Reading configuration file...Setting language "en".
OK
Initializing timer...performance timer enabled...frequency 10000000...OK
Initializing keyboard...configuring...OK
Initializing input engine...OK
Initializing sound...OK
Initializing BGM...  OK
Initializing graphics...gameCoord 1280x720...render mode 2_22...trying 1280x720x32 mode 0x0...success...OK
Setting callbacks...OK
Initializing font...OK
Initializing game variables...OK
Session RNG seed is 1632247043
Loading system fonts...OK
Loading options...
Initializing pads...failed
Reinitializing input engine...OK
Remapping keys...OK
Reinitializing input engine...OK
Options loaded OK
Loading system...
  Load system file system.def...OK
  Load system spr...OK
  Load system snd...OK
  Load system fonts...OK
  Load system anim...OK
  Load [Title Info]...OK
  Load [Option Info]...OK
  Load [Select Info]...OK
  Load [VS Screen]...OK
  Load [Victory Screen]...OK
  Load [Demo Mode]...OK
  Load [Continue Screen]...OK
  Load [Game Over Screen]...OK
  Load [Win Screen]...OK
  Load [Survival Results Screen]...OK
  Load [Default Ending]...OK
  Load [End Credits]...OK
  Load TitleBG...VersusBG...VictoryBG...SelectBG...OptionBG...OK
  Loading fight data
    Opening fight data file data/fight.def...OK
    Reading [Files]...OK
    Loading fonts...OK
    Load fight anim...OK
    Reading [Lifebar]...[Turns Lifebar]...[Simul Lifebar]...[Powerbar]...
    [Face]...[Simul Face]...[Turns Face]...
    [Name]...[Simul Name]...[Turns Name]...
    [Time]...[Combo]...[Round]...[WinIcon]...OK
    Allocating explods...OK
  Fight data loaded OK
Lua initing
Lua init complete
System loaded OK
Initialize OK
Set up graphics...timer...OK

Entering gameflow loop
Gameflow 0
Gameflow 1
Gameflow 2
Initializing character info...OK
Initializing select screen...finding characters...
  Error reading character file: chars/blank/blank.def

  Error reading character file: chars/blank/blank.def

  Error reading character file: chars/blank/blank.def

  Error reading character file: chars/blank/blank.def

  Error reading character file: chars/blank/blank.def

  Error reading character file: chars/blank/blank.def

  Error reading character file: chars/blank/blank.def

  Error reading character file: chars/blank/blank.def

  Error reading character file: chars/blank/blank.def

  Error reading character file: chars/blank/blank.def

  Error reading character file: chars/blank/blank.def

  Error reading character file: chars/blank/blank.def

  Error reading character file: chars/blank/blank.def

  Error reading character file: chars/blank/blank.def

  Error reading character file: chars/blank/blank.def

  Error reading character file: chars/blank/blank.def

  Error reading character file: chars/blank/blank.def

  Error reading character file: chars/blank/blank.def

  Error reading character file: chars/blank/blank.def

  Error reading character file: chars/blank/blank.def

  Error reading character file: chars/blank/blank.def

  Error reading character file: chars/blank/blank.def

  Error reading character file: chars/blank/blank.def

  Error reading character file: chars/blank/blank.def

  Error reading character file: chars/blank/blank.def

  Error reading character file: chars/blank/blank.def

  Error reading character file: chars/blank/blank.def

  Error reading character file: chars/blank/blank.def

  Error reading character file: chars/blank/blank.def

  Error reading character file: chars/blank/blank.def

  Error reading character file: chars/blank/blank.def

  Error reading character file: chars/blank/blank.def

  Error reading character file: chars/blank/blank.def

  Error reading character file: chars/blank/blank.def

  Error reading character file: chars/blank/blank.def

  Error reading character file: chars/blank/blank.def

  Error reading character file: chars/blank/blank.def

  Error reading character file: chars/blank/blank.def

  Error reading character file: chars/blank/blank.def

  Error reading character file: chars/blank/blank.def

  Error reading character file: chars/blank/blank.def

  Error reading character file: chars/blank/blank.def

  Error reading character file: chars/blank/blank.def

  Error reading character file: chars/blank/blank.def

  Error reading character file: chars/blank/blank.def

  Error reading character file: chars/blank/blank.def

  Error reading character file: chars/blank/blank.def

  Error reading character file: chars/blank/blank.def

  Error reading character file: chars/blank/blank.def

  Error reading character file: chars/blank/blank.def

  Error reading character file: chars/blank/blank.def

  Error reading character file: chars/blank/blank.def

  Error reading character file: chars/blank/blank.def

  Error reading character file: chars/blank/blank.def

  Error reading character file: chars/blank/blank.def

  Error reading character file: chars/blank/blank.def

  Error reading character file: chars/blank/blank.def

  Error reading character file: chars/blank/blank.def

  Error reading character file: chars/blank/blank.def

  Error reading character file: chars/blank/blank.def

  Error reading character file: chars/blank/blank.def

  Error reading character file: chars/blank/blank.def

  Error reading character file: chars/blank/blank.def

  Error reading character file: chars/blank/blank.def

  Error reading character file: chars/blank/blank.def

  Error reading character file: chars/blank/blank.def

  Error reading character file: chars/blank/blank.def

  Error reading character file: chars/blank/blank.def

  Error reading character file: chars/blank/blank.def

  Error reading character file: chars/blank/blank.def

  Error reading character file: chars/blank/blank.def

  Error reading character file: chars/blank/blank.def

  Error reading character file: chars/blank/blank.def

  Error reading character file: chars/blank/blank.def

  Error reading character file: chars/blank/blank.def

  Error reading character file: chars/blank/blank.def

  Error reading character file: chars/blank/blank.def

  Error reading character file: chars/blank/blank.def

  Error reading character file: chars/blank/blank.def

  Error reading character file: chars/blank/blank.def

  Error reading character file: chars/blank/blank.def

  Error reading character file: chars/blank/blank.def

  Error reading character file: chars/blank/blank.def

  Error reading character file: chars/blank/blank.def
OK
Gameflow 3
Playing storyboard INTRO.def: scene
Unloading match assets
Freeing players
Game loop init
Game loop deinit
Finished playing storyboard INTRO.def: scene
Gameflow 4
Entering mode select.
Unloading match assets
Freeing players
Game loop init
Mode select init
End of mode select loop
Game loop deinit
Gameflow 6
Reset persist vars team 0
Reset persist vars team 1
Gameflow 7
Entering character select.
Unloading match assets
Freeing players
Game loop init
Unreserved all palettes
Charsel init
Selected char 70 on teamslot 0.0
Char falcon.def (70) request pal 0 1 (1) -> reserved 0 (0)
End of charsel loop
Game loop deinit
Gameflow 8
Char scorn.def (115) request pal 0 1 (1) -> reserved 0 (0)
Gameflow 9
Gameflow 10
Entering versus screen.
Unloading match assets
Freeing players
Game loop init
Versus screen init
End of versus screen loop
Game loop deinit
Gameflow 11
Unloading system background data...sprite data...OK
Loading match assets...
Loading stage...
  Loading BG...OK
Stage loaded OK
  Allocating helpers...OK
Match RNG seed: 579688835
Reset persist vars team 1
Loading character chars/falcon/falcon.def...
  Loading info...Info: Falcao loading in pre-1.0 compatible mode
OK
  Loading cmd command set Falcon.cmd...OK
  Loading cns Falcon.def...OK
  Loading cmd state entry Falcon.cmd...OK
  Loading common states common1.cns...OK
  Loading sff Falcon.sff...OK
  Loading anim Falcon.air...OK
  Loading snd Falcon.snd...OK
  Loading pals...(1,1)OK
  SFF v1.01 palette hack engaged.
  3345 expressions (1220 on trigger lines)
Character falcon.def loaded OK
New char Falcon loaded into cache: (1/4 cached) Load time: 160.000ms
Loading character chars/scorn/scorn.def...
  Loading info...Info: Desprezo loading in pre-1.0 compatible mode
OK
  Loading cmd command set Scorn.cmd...OK
  Loading cns Scorn.cns...OK
  Loading cmd state entry Scorn.cmd...OK
  Loading common states Scorn.cns...OK
  Loading sff Scorn.sff...OK
  Loading anim Scorn.air...OK
  Loading snd Scorn.snd...OK
  Loading pals...(1,1)OK
  SFF v1.01 palette hack engaged.
  5191 expressions (1556 on trigger lines)
Character scorn.def loaded OK
New char Scorn loaded into cache: (2/4 cached) Load time: 240.000ms
Resetting round
Match assets initialized OK
Game loop init
Match loop init
Life power and time reset
End of match loop
Total time: 68.49s
Total frames: 4110 	Skipped frames: 0
Avg game rate: 60.01
Avg frame rate: 60.01

Finishing match
Freeing players
Save persist vars P56 Falcon
Player Falcon cache count reduced: 0
Save persist vars P57 Scorn
Player Scorn cache count reduced: 0
Match RNG closed
Game loop deinit
Gameflow 6
Reset persist vars team 0
Reset persist vars team 1
Gameflow 7
Entering character select.
Reloading system sprite data...Reloading system background data...OK
Unloading match assets
Freeing players
Unloading stage...OK
Game loop init
Unreserved all palettes
Charsel init
